// Jest Snapshot v1, https://goo.gl/fbAQLP

exports[`<LogoLink /> should match snapshot 1`] = `
<h1
  class="sc-gsDKAQ iZPKgh"
>
  <a
    class="sc-bdvvtL klDCzR"
    href="#target"
  >
    <img
      alt="OlÃ¡, mundo!"
      src="image.jpg"
    />
  </a>
</h1>
`;
