// Jest Snapshot v1, https://goo.gl/fbAQLP

exports[`<SectionComponent /> should render 1`] = `
<div>
  <div
    class="sc-bdvvtL jcZdQx"
  >
    SectionComponent
  </div>
</div>
`;
