// Jest Snapshot v1, https://goo.gl/fbAQLP

exports[`renders learn react link 1`] = `
<div
  class="sc-bdvvtL dbZhSS"
  color="green"
>
  <h1>
    Oi
  </h1>
</div>
`;
